[12Mar2025 00:02:09.729] [Server thread/INFO] [net.minecraft.server.network.ServerGamePacketListenerImpl/]: Camaila04 lost connection: Disconnected
[12Mar2025 00:02:09.736] [Server thread/INFO] [net.minecraft.server.MinecraftServer/]: Camaila04 left the game
[12Mar2025 00:03:46.014] [Server thread/WARN] [net.minecraft.server.network.ServerGamePacketListenerImpl/]: FershaMana moved wrongly!
[12Mar2025 00:04:16.606] [Server thread/INFO] [net.minecraft.server.MinecraftServer/]: FershaMana has made the advancement [Cobweb Entanglement]
[12Mar2025 00:04:45.165] [Server thread/INFO] [net.minecraft.server.MinecraftServer/]: [Not Secure] <FershaMana> *gime*
[12Mar2025 00:04:56.565] [Server thread/INFO] [net.minecraft.server.MinecraftServer/]: [Not Secure] <Saniago23> :0
[12Mar2025 00:10:56.215] [Server thread/WARN] [net.minecraft.server.network.ServerGamePacketListenerImpl/]: FershaMana moved wrongly!
[12Mar2025 00:11:51.813] [Server thread/WARN] [net.minecraft.server.network.ServerGamePacketListenerImpl/]: Saniago23 moved wrongly!
[12Mar2025 00:12:40.613] [Server thread/INFO] [net.minecraft.server.MinecraftServer/]: FershaMana has made the advancement [This Must be a Sign!]
[12Mar2025 00:16:44.920] [Server thread/INFO] [net.minecraft.server.MinecraftServer/]: [Not Secure] <Saniago23> FershaMana
[12Mar2025 00:27:29.564] [Server thread/WARN] [net.minecraft.server.network.ServerGamePacketListenerImpl/]: Saniago23 moved wrongly!
[12Mar2025 00:39:44.121] [Server thread/INFO] [net.minecraft.server.MinecraftServer/]: FershaMana has made the advancement [Ice Bucket Challenge]
[12Mar2025 00:41:39.089] [Server thread/INFO] [net.minecraft.server.players.PlayerList/]: Camaila04[/127.64.191.5:50979] logged in with entity id 46982 at (-592.3877013211568, 109.0, 1625.6692995941157)
[12Mar2025 00:41:39.139] [Server thread/INFO] [net.minecraft.server.MinecraftServer/]: Camaila04 joined the game
[12Mar2025 00:41:39.610] [Server thread/ERROR] [net.threetag.palladium.Palladium/]: Was not able to read user's supporter data! (ab883470-fa6d-31aa-8013-002547baaf80)
[12Mar2025 00:41:39.610] [Server thread/INFO] [KubeJS Server/]: addonpack_fsang_hero:kubejs_scripts/config.js#18: Config file found. Loading config from config/fsang_config.json
[12Mar2025 00:41:39.611] [Server thread/INFO] [KubeJS Server/]: addonpack_fsang_hero:kubejs_scripts/config.js#57: Applying config to player: Camaila04
[12Mar2025 00:41:39.611] [Server thread/INFO] [KubeJS Server/]: addonpack_fsang_hero:kubejs_scripts/config.js#36: Running command: execute as Camaila04 run scoreboard objectives add FSang.Gamerule.item dummy
[12Mar2025 00:41:39.611] [Server thread/INFO] [KubeJS Server/]: addonpack_fsang_hero:kubejs_scripts/config.js#39: Running command: execute as Camaila04 run scoreboard players set .sang FSang.Gamerule.item 1
[12Mar2025 00:41:39.611] [Server thread/INFO] [KubeJS Server/]: addonpack_fsang_hero:kubejs_scripts/config.js#47: Running command: execute as Camaila04 run scoreboard objectives add FSang.Gamerule.symbiote dummy
[12Mar2025 00:41:39.611] [Server thread/INFO] [KubeJS Server/]: addonpack_fsang_hero:kubejs_scripts/config.js#50: Running command: execute as Camaila04 run scoreboard players set .sang FSang.Gamerule.symbiote 1
[12Mar2025 00:42:49.471] [Server thread/INFO] [net.minecraft.server.MinecraftServer/]: FershaMana has made the advancement [Take Aim]
[12Mar2025 00:45:57.318] [Server thread/INFO] [net.minecraft.server.MinecraftServer/]: FershaMana has made the advancement [Not Today, Thank You]
[12Mar2025 00:56:48.606] [Server thread/WARN] [net.minecraft.server.network.ServerGamePacketListenerImpl/]: Saniago23 moved too quickly! -12.49422394038993,2.108433168269798,5.0409002700992005
[12Mar2025 00:57:51.940] [Server thread/WARN] [net.minecraft.server.network.ServerGamePacketListenerImpl/]: FershaMana moved wrongly!
[12Mar2025 00:58:15.022] [Server thread/INFO] [net.minecraft.server.network.ServerGamePacketListenerImpl/]: Saniago23 lost connection: Disconnected
[12Mar2025 00:58:15.022] [Server thread/INFO] [net.minecraft.server.MinecraftServer/]: Saniago23 left the game
[12Mar2025 00:58:15.063] [Server thread/WARN] [net.minecraft.network.Connection/]: handleDisconnection() called twice
